 Entering Gaussian System, Link 0=/opt/gaussian/g16/sse4/g16/g16
 Initial command:
 /opt/gaussian/g16/sse4/g16/l1.exe "/home/koerstz/git/tQMC/tests/propanol-5/Gau-1361.inp" -scrdir="/home/koerstz/git/tQMC/tests/propanol-5/"
 Entering Link 1 = /opt/gaussian/g16/sse4/g16/l1.exe PID=      1374.
  
 Copyright (c) 1988,1990,1992,1993,1995,1998,2003,2009,2016,
            Gaussian, Inc.  All Rights Reserved.
  
 This is part of the Gaussian(R) 16 program.  It is based on
 the Gaussian(R) 09 system (copyright 2009, Gaussian, Inc.),
 the Gaussian(R) 03 system (copyright 2003, Gaussian, Inc.),
 the Gaussian(R) 98 system (copyright 1998, Gaussian, Inc.),
 the Gaussian(R) 94 system (copyright 1995, Gaussian, Inc.),
 the Gaussian 92(TM) system (copyright 1992, Gaussian, Inc.),
 the Gaussian 90(TM) system (copyright 1990, Gaussian, Inc.),
 the Gaussian 88(TM) system (copyright 1988, Gaussian, Inc.),
 the Gaussian 86(TM) system (copyright 1986, Carnegie Mellon
 University), and the Gaussian 82(TM) system (copyright 1983,
 Carnegie Mellon University). Gaussian is a federally registered
 trademark of Gaussian, Inc.
  
 This software contains proprietary and confidential information,
 including trade secrets, belonging to Gaussian, Inc.
  
 This software is provided under written license and may be
 used, copied, transmitted, or stored only in accord with that
 written license.
  
 The following legend is applicable only to US Government
 contracts under FAR:
  
                    RESTRICTED RIGHTS LEGEND
  
 Use, reproduction and disclosure by the US Government is
 subject to restrictions as set forth in subparagraphs (a)
 and (c) of the Commercial Computer Software - Restricted
 Rights clause in FAR 52.227-19.
  
 Gaussian, Inc.
 340 Quinnipiac St., Bldg. 40, Wallingford CT 06492
  
  
 ---------------------------------------------------------------
 Warning -- This program may not be used in any manner that
 competes with the business of Gaussian, Inc. or will provide
 assistance to any competitor of Gaussian, Inc.  The licensee
 of this program is prohibited from giving any competitor of
 Gaussian, Inc. access to this program.  By using this program,
 the user acknowledges that Gaussian, Inc. is engaged in the
 business of creating and licensing software in the field of
 computational chemistry and represents and warrants to the
 licensee that it is not a competitor of Gaussian, Inc. and that
 it will not use this program in any manner prohibited above.
 ---------------------------------------------------------------
  

 Cite this work as:
 Gaussian 16, Revision A.03,
 M. J. Frisch, G. W. Trucks, H. B. Schlegel, G. E. Scuseria, 
 M. A. Robb, J. R. Cheeseman, G. Scalmani, V. Barone, 
 G. A. Petersson, H. Nakatsuji, X. Li, M. Caricato, A. V. Marenich, 
 J. Bloino, B. G. Janesko, R. Gomperts, B. Mennucci, H. P. Hratchian, 
 J. V. Ortiz, A. F. Izmaylov, J. L. Sonnenberg, D. Williams-Young, 
 F. Ding, F. Lipparini, F. Egidi, J. Goings, B. Peng, A. Petrone, 
 T. Henderson, D. Ranasinghe, V. G. Zakrzewski, J. Gao, N. Rega, 
 G. Zheng, W. Liang, M. Hada, M. Ehara, K. Toyota, R. Fukuda, 
 J. Hasegawa, M. Ishida, T. Nakajima, Y. Honda, O. Kitao, H. Nakai, 
 T. Vreven, K. Throssell, J. A. Montgomery, Jr., J. E. Peralta, 
 F. Ogliaro, M. J. Bearpark, J. J. Heyd, E. N. Brothers, K. N. Kudin, 
 V. N. Staroverov, T. A. Keith, R. Kobayashi, J. Normand, 
 K. Raghavachari, A. P. Rendell, J. C. Burant, S. S. Iyengar, 
 J. Tomasi, M. Cossi, J. M. Millam, M. Klene, C. Adamo, R. Cammi, 
 J. W. Ochterski, R. L. Martin, K. Morokuma, O. Farkas, 
 J. B. Foresman, and D. J. Fox, Gaussian, Inc., Wallingford CT, 2016.
 
 ******************************************
 Gaussian 16:  ES64L-G16RevA.03 25-Dec-2016
                16-Jan-2019 
 ******************************************
 -----
 # pm3
 -----
 1/38=1,172=1/1;
 2/12=2,17=6,18=5,40=1/2;
 3/5=2,25=1,41=800000/1,2,3;
 4/35=1/1;
 5/5=2,35=1,38=5/2;
 6/7=2,8=2,9=2,10=2,28=1/1;
 99/5=1,9=1/99;
 -----------------------
 input prepared by QMMol
 -----------------------
 Symbolic Z-matrix:
 Charge =  0 Multiplicity = 1
 C                     1.4921    1.34177   0.17193 
 C                     3.01503   1.32023   0.0615 
 C                     3.54734  -0.08941  -0.21599 
 O                     3.25244  -0.95476   0.84749 
 H                     1.14775   2.38297   0.34584 
 H                     1.15525   0.71198   1.02247 
 H                     1.03145   0.96805  -0.76728 
 H                     3.45934   1.7091    1.00326 
 H                     3.32463   1.99213  -0.76793 
 H                     3.08552  -0.48841  -1.14428 
 H                     4.64781  -0.04632  -0.38128 
 H                     3.87675  -0.72283   1.58381 
 
                          Input orientation:                          
 ---------------------------------------------------------------------
 Center     Atomic      Atomic             Coordinates (Angstroms)
 Number     Number       Type             X           Y           Z
 ---------------------------------------------------------------------
      1          6           0        1.492100    1.341770    0.171930
      2          6           0        3.015030    1.320230    0.061500
      3          6           0        3.547340   -0.089410   -0.215990
      4          8           0        3.252440   -0.954760    0.847490
      5          1           0        1.147750    2.382970    0.345840
      6          1           0        1.155250    0.711980    1.022470
      7          1           0        1.031450    0.968050   -0.767280
      8          1           0        3.459340    1.709100    1.003260
      9          1           0        3.324630    1.992130   -0.767930
     10          1           0        3.085520   -0.488410   -1.144280
     11          1           0        4.647810   -0.046320   -0.381280
     12          1           0        3.876750   -0.722830    1.583810
 ---------------------------------------------------------------------
                    Distance matrix (angstroms):
                    1          2          3          4          5
     1  C    0.000000
     2  C    1.527080   0.000000
     3  C    2.534318   1.532136   0.000000
     4  O    2.971402   2.418620   1.402422   0.000000
     5  H    1.110369   2.167256   3.490895   3.977664   0.000000
     6  H    1.110640   2.179957   2.810357   2.684557   1.802801
     7  H    1.110847   2.178416   2.784213   3.352235   1.804040
     8  H    2.167043   1.111550   2.174616   2.676420   2.495947
     9  H    2.159739   1.111421   2.164959   3.361392   2.476297
    10  H    2.760608   2.174868   1.110946   2.052436   3.770972
    11  H    3.491610   2.174738   1.113648   2.069347   4.322103
    12  H    3.455797   2.689625   1.936237   0.992835   4.315785
                    6          7          8          9         10
     6  H    0.000000
     7  H    1.812210   0.000000
     8  H    2.510667   3.094934   0.000000
     9  H    3.090392   2.511457   1.798713   0.000000
    10  H    3.140332   2.546097   3.095274   2.520296   0.000000
    11  H    3.839728   3.775712   2.531978   2.460809   1.793980
    12  H    3.127354   4.059856   2.534867   3.634078   2.850171
                   11         12
    11  H    0.000000
    12  H    2.216704   0.000000
 Stoichiometry    C3H8O
 Framework group  C1[X(C3H8O)]
 Deg. of freedom    30
 Full point group                 C1      NOp   1
 Largest Abelian subgroup         C1      NOp   1
 Largest concise Abelian subgroup C1      NOp   1
                         Standard orientation:                         
 ---------------------------------------------------------------------
 Center     Atomic      Atomic             Coordinates (Angstroms)
 Number     Number       Type             X           Y           Z
 ---------------------------------------------------------------------
      1          6           0        1.539562   -0.494897    0.122407
      2          6           0        0.608838    0.630985   -0.322698
      3          6           0       -0.772407    0.521929    0.331296
      4          8           0       -1.421637   -0.657123   -0.062561
      5          1           0        2.534521   -0.362925   -0.352524
      6          1           0        1.130482   -1.481065   -0.183613
      7          1           0        1.667915   -0.476464    1.225659
      8          1           0        0.501879    0.606463   -1.428818
      9          1           0        1.064230    1.605404   -0.042728
     10          1           0       -0.664612    0.522166    1.437000
     11          1           0       -1.386767    1.408611    0.054585
     12          1           0       -1.730509   -0.513308   -0.995104
 ---------------------------------------------------------------------
 Rotational constants (GHZ):          14.2584089           5.0886194           4.3741669
 Standard basis: VSTO-6G (5D, 7F)
 There are    24 symmetry adapted cartesian basis functions of A   symmetry.
 There are    24 symmetry adapted basis functions of A   symmetry.
    24 basis functions,   144 primitive gaussians,    24 cartesian basis functions
    13 alpha electrons       13 beta electrons
       nuclear repulsion energy        95.2776661790 Hartrees.
 Integral buffers will be    131072 words long.
 Regular integral format.
 Two-electron integral symmetry is turned off.
 Do NDO integrals.
 One-electron integrals computed using PRISM.
 NBasis=    24 RedAO= F EigKep=  0.00D+00  NBF=    24
 NBsUse=    24 1.00D-04 EigRej=  0.00D+00 NBFU=    24
 Simple Huckel Guess.
 Keep J ints in memory in canonical form, NReq=860523.
 Overlap will be assumed to be unity.
 Requested convergence on RMS density matrix=1.00D-08 within 128 cycles.
 Requested convergence on MAX density matrix=1.00D-06.
 Requested convergence on             energy=1.00D-06.
 No special actions if energy rises.
 SCF Done:  E(RPM3) = -0.969582359959E-01 A.U. after   13 cycles
            NFock= 12  Conv=0.38D-08     -V/T= 0.9978

 **********************************************************************

            Population analysis using the SCF density.

 **********************************************************************

 Orbital symmetries:
       Occupied  (A) (A) (A) (A) (A) (A) (A) (A) (A) (A) (A) (A)
                 (A)
       Virtual   (A) (A) (A) (A) (A) (A) (A) (A) (A) (A) (A)
 The electronic state is 1-A.
 Alpha  occ. eigenvalues --   -1.43291  -1.22223  -0.94809  -0.77651  -0.64114
 Alpha  occ. eigenvalues --   -0.60993  -0.58137  -0.52680  -0.50465  -0.47348
 Alpha  occ. eigenvalues --   -0.43850  -0.43677  -0.40882
 Alpha virt. eigenvalues --    0.12194   0.12572   0.13765   0.14123   0.15015
 Alpha virt. eigenvalues --    0.15417   0.16287   0.17049   0.17799   0.18213
 Alpha virt. eigenvalues --    0.20433
          Condensed to atoms (all electrons):
               1          2          3          4          5          6
     1  C    4.108162   0.000000   0.000000   0.000000   0.000000   0.000000
     2  C    0.000000   4.144205   0.000000   0.000000   0.000000   0.000000
     3  C    0.000000   0.000000   3.932438   0.000000   0.000000   0.000000
     4  O    0.000000   0.000000   0.000000   6.305473   0.000000   0.000000
     5  H    0.000000   0.000000   0.000000   0.000000   0.964813   0.000000
     6  H    0.000000   0.000000   0.000000   0.000000   0.000000   0.948292
     7  H    0.000000   0.000000   0.000000   0.000000   0.000000   0.000000
     8  H    0.000000   0.000000   0.000000   0.000000   0.000000   0.000000
     9  H    0.000000   0.000000   0.000000   0.000000   0.000000   0.000000
    10  H    0.000000   0.000000   0.000000   0.000000   0.000000   0.000000
    11  H    0.000000   0.000000   0.000000   0.000000   0.000000   0.000000
    12  H    0.000000   0.000000   0.000000   0.000000   0.000000   0.000000
               7          8          9         10         11         12
     1  C    0.000000   0.000000   0.000000   0.000000   0.000000   0.000000
     2  C    0.000000   0.000000   0.000000   0.000000   0.000000   0.000000
     3  C    0.000000   0.000000   0.000000   0.000000   0.000000   0.000000
     4  O    0.000000   0.000000   0.000000   0.000000   0.000000   0.000000
     5  H    0.000000   0.000000   0.000000   0.000000   0.000000   0.000000
     6  H    0.000000   0.000000   0.000000   0.000000   0.000000   0.000000
     7  H    0.958593   0.000000   0.000000   0.000000   0.000000   0.000000
     8  H    0.000000   0.951132   0.000000   0.000000   0.000000   0.000000
     9  H    0.000000   0.000000   0.946952   0.000000   0.000000   0.000000
    10  H    0.000000   0.000000   0.000000   0.941307   0.000000   0.000000
    11  H    0.000000   0.000000   0.000000   0.000000   0.981745   0.000000
    12  H    0.000000   0.000000   0.000000   0.000000   0.000000   0.816887
 Mulliken charges:
               1
     1  C   -0.108162
     2  C   -0.144205
     3  C    0.067562
     4  O   -0.305473
     5  H    0.035187
     6  H    0.051708
     7  H    0.041407
     8  H    0.048868
     9  H    0.053048
    10  H    0.058693
    11  H    0.018255
    12  H    0.183113
 Sum of Mulliken charges =  -0.00000
 Mulliken charges with hydrogens summed into heavy atoms:
               1
     1  C    0.020139
     2  C   -0.042289
     3  C    0.144511
     4  O   -0.122361
 Charge=             -0.0000 electrons
 Dipole moment (field-independent basis, Debye):
    X=              0.2129    Y=              1.2008    Z=             -0.8429  Tot=              1.4824
 N-N= 9.527766617901D+01 E-N=-1.292290550559D+02  KE=-4.351779264342D+01
 1\1\GINC-SUNRAY\SP\RPM3\ZDO\C3H8O1\KOERSTZ\16-Jan-2019\0\\# pm3\\input
  prepared by QMMol\\0,1\C,0,1.4921,1.34177,0.17193\C,0,3.01503,1.32023
 ,0.0615\C,0,3.54734,-0.08941,-0.21599\O,0,3.25244,-0.95476,0.84749\H,0
 ,1.14775,2.38297,0.34584\H,0,1.15525,0.71198,1.02247\H,0,1.03145,0.968
 05,-0.76728\H,0,3.45934,1.7091,1.00326\H,0,3.32463,1.99213,-0.76793\H,
 0,3.08552,-0.48841,-1.14428\H,0,4.64781,-0.04632,-0.38128\H,0,3.87675,
 -0.72283,1.58381\\Version=ES64L-G16RevA.03\State=1-A\HF=-0.0969582\RMS
 D=3.835e-09\Dipole=0.4012466,0.4232684,0.0036147\PG=C01 [X(C3H8O1)]\\@


 A MUSTACHE HAIR ACROSS A CHIP IS LIKE A REDWOOD
 TREE FALLING THROUGH A HOUSING PROJECT.
 - AN IBM MANAGER IN EAST FISHKILL, NEW YORK
   AS QUOTED IN "FROM SANDS TO CIRCUITS", IBM INNOVATION JANUARY 1985.
 Job cpu time:       0 days  0 hours  0 minutes  0.5 seconds.
 Elapsed time:       0 days  0 hours  0 minutes  0.5 seconds.
 File lengths (MBytes):  RWF=      6 Int=      0 D2E=      0 Chk=      2 Scr=      1
 Normal termination of Gaussian 16 at Wed Jan 16 09:05:09 2019.
