 Entering Gaussian System, Link 0=/opt/gaussian/g16/sse4/g16/g16
 Initial command:
 /opt/gaussian/g16/sse4/g16/l1.exe "/home/koerstz/git/tQMC/tests/propanol-2/Gau-1310.inp" -scrdir="/home/koerstz/git/tQMC/tests/propanol-2/"
 Entering Link 1 = /opt/gaussian/g16/sse4/g16/l1.exe PID=      1318.
  
 Copyright (c) 1988,1990,1992,1993,1995,1998,2003,2009,2016,
            Gaussian, Inc.  All Rights Reserved.
  
 This is part of the Gaussian(R) 16 program.  It is based on
 the Gaussian(R) 09 system (copyright 2009, Gaussian, Inc.),
 the Gaussian(R) 03 system (copyright 2003, Gaussian, Inc.),
 the Gaussian(R) 98 system (copyright 1998, Gaussian, Inc.),
 the Gaussian(R) 94 system (copyright 1995, Gaussian, Inc.),
 the Gaussian 92(TM) system (copyright 1992, Gaussian, Inc.),
 the Gaussian 90(TM) system (copyright 1990, Gaussian, Inc.),
 the Gaussian 88(TM) system (copyright 1988, Gaussian, Inc.),
 the Gaussian 86(TM) system (copyright 1986, Carnegie Mellon
 University), and the Gaussian 82(TM) system (copyright 1983,
 Carnegie Mellon University). Gaussian is a federally registered
 trademark of Gaussian, Inc.
  
 This software contains proprietary and confidential information,
 including trade secrets, belonging to Gaussian, Inc.
  
 This software is provided under written license and may be
 used, copied, transmitted, or stored only in accord with that
 written license.
  
 The following legend is applicable only to US Government
 contracts under FAR:
  
                    RESTRICTED RIGHTS LEGEND
  
 Use, reproduction and disclosure by the US Government is
 subject to restrictions as set forth in subparagraphs (a)
 and (c) of the Commercial Computer Software - Restricted
 Rights clause in FAR 52.227-19.
  
 Gaussian, Inc.
 340 Quinnipiac St., Bldg. 40, Wallingford CT 06492
  
  
 ---------------------------------------------------------------
 Warning -- This program may not be used in any manner that
 competes with the business of Gaussian, Inc. or will provide
 assistance to any competitor of Gaussian, Inc.  The licensee
 of this program is prohibited from giving any competitor of
 Gaussian, Inc. access to this program.  By using this program,
 the user acknowledges that Gaussian, Inc. is engaged in the
 business of creating and licensing software in the field of
 computational chemistry and represents and warrants to the
 licensee that it is not a competitor of Gaussian, Inc. and that
 it will not use this program in any manner prohibited above.
 ---------------------------------------------------------------
  

 Cite this work as:
 Gaussian 16, Revision A.03,
 M. J. Frisch, G. W. Trucks, H. B. Schlegel, G. E. Scuseria, 
 M. A. Robb, J. R. Cheeseman, G. Scalmani, V. Barone, 
 G. A. Petersson, H. Nakatsuji, X. Li, M. Caricato, A. V. Marenich, 
 J. Bloino, B. G. Janesko, R. Gomperts, B. Mennucci, H. P. Hratchian, 
 J. V. Ortiz, A. F. Izmaylov, J. L. Sonnenberg, D. Williams-Young, 
 F. Ding, F. Lipparini, F. Egidi, J. Goings, B. Peng, A. Petrone, 
 T. Henderson, D. Ranasinghe, V. G. Zakrzewski, J. Gao, N. Rega, 
 G. Zheng, W. Liang, M. Hada, M. Ehara, K. Toyota, R. Fukuda, 
 J. Hasegawa, M. Ishida, T. Nakajima, Y. Honda, O. Kitao, H. Nakai, 
 T. Vreven, K. Throssell, J. A. Montgomery, Jr., J. E. Peralta, 
 F. Ogliaro, M. J. Bearpark, J. J. Heyd, E. N. Brothers, K. N. Kudin, 
 V. N. Staroverov, T. A. Keith, R. Kobayashi, J. Normand, 
 K. Raghavachari, A. P. Rendell, J. C. Burant, S. S. Iyengar, 
 J. Tomasi, M. Cossi, J. M. Millam, M. Klene, C. Adamo, R. Cammi, 
 J. W. Ochterski, R. L. Martin, K. Morokuma, O. Farkas, 
 J. B. Foresman, and D. J. Fox, Gaussian, Inc., Wallingford CT, 2016.
 
 ******************************************
 Gaussian 16:  ES64L-G16RevA.03 25-Dec-2016
                16-Jan-2019 
 ******************************************
 -----
 # pm3
 -----
 1/38=1,172=1/1;
 2/12=2,17=6,18=5,40=1/2;
 3/5=2,25=1,41=800000/1,2,3;
 4/35=1/1;
 5/5=2,35=1,38=5/2;
 6/7=2,8=2,9=2,10=2,28=1/1;
 99/5=1,9=1/99;
 -----------------------
 input prepared by QMMol
 -----------------------
 Symbolic Z-matrix:
 Charge =  0 Multiplicity = 1
 C                     1.50714   1.31756   0.20694 
 C                     3.02486   1.33316   0.05089 
 C                     3.5656   -0.06515  -0.2573 
 O                     4.96254  -0.031    -0.36586 
 H                     1.14583   2.34388   0.42846 
 H                     1.21197   0.64882   1.04345 
 H                     1.02651   0.9664   -0.73104 
 H                     3.48368   1.70802   0.99148 
 H                     3.29735   2.02686  -0.77386 
 H                     3.29414  -0.75789   0.56776 
 H                     3.11506  -0.45628  -1.19835 
 H                     5.16904   0.36589  -1.25227 
 
                          Input orientation:                          
 ---------------------------------------------------------------------
 Center     Atomic      Atomic             Coordinates (Angstroms)
 Number     Number       Type             X           Y           Z
 ---------------------------------------------------------------------
      1          6           0        1.507140    1.317560    0.206940
      2          6           0        3.024860    1.333160    0.050890
      3          6           0        3.565600   -0.065150   -0.257300
      4          8           0        4.962540   -0.031000   -0.365860
      5          1           0        1.145830    2.343880    0.428460
      6          1           0        1.211970    0.648820    1.043450
      7          1           0        1.026510    0.966400   -0.731040
      8          1           0        3.483680    1.708020    0.991480
      9          1           0        3.297350    2.026860   -0.773860
     10          1           0        3.294140   -0.757890    0.567760
     11          1           0        3.115060   -0.456280   -1.198350
     12          1           0        5.169040    0.365890   -1.252270
 ---------------------------------------------------------------------
                    Distance matrix (angstroms):
                    1          2          3          4          5
     1  C    0.000000
     2  C    1.525801   0.000000
     3  C    2.522828   1.530572   0.000000
     4  O    3.753199   2.406079   1.401568   0.000000
     5  H    1.110382   2.166764   3.482668   4.564896   0.000000
     6  H    1.110895   2.177169   2.782315   4.063876   1.804388
     7  H    1.110912   2.177000   2.781277   4.076824   1.804475
     8  H    2.162099   1.111641   2.170321   2.655859   2.487338
     9  H    2.161001   1.111613   2.171474   2.678453   2.484978
    10  H    2.762436   2.170750   1.110992   2.045379   3.775661
    11  H    2.776104   2.184223   1.114246   2.070528   3.790155
    12  H    4.055180   2.689116   1.935660   0.992918   4.787851
                    6          7          8          9         10
     6  H    0.000000
     7  H    1.812200   0.000000
     8  H    2.507044   3.091077   0.000000
     9  H    3.090375   2.506616   1.803553   0.000000
    10  H    2.557449   3.130847   2.509218   3.091082   0.000000
    11  H    3.141443   2.569910   3.100876   2.525749   1.800606
    12  H    4.583534   4.218157   3.110654   2.547729   2.844405
                   11         12
    11  H    0.000000
    12  H    2.213076   0.000000
 Stoichiometry    C3H8O
 Framework group  C1[X(C3H8O)]
 Deg. of freedom    30
 Full point group                 C1      NOp   1
 Largest Abelian subgroup         C1      NOp   1
 Largest concise Abelian subgroup C1      NOp   1
                         Standard orientation:                         
 ---------------------------------------------------------------------
 Center     Atomic      Atomic             Coordinates (Angstroms)
 Number     Number       Type             X           Y           Z
 ---------------------------------------------------------------------
      1          6           0       -1.875915    0.131583    0.028652
      2          6           0       -0.503602   -0.530957   -0.047938
      3          6           0        0.618490    0.508562    0.006480
      4          8           0        1.866728   -0.120546   -0.096084
      5          1           0       -2.666984   -0.646554   -0.012123
      6          1           0       -2.017151    0.826801   -0.826224
      7          1           0       -1.979922    0.694443    0.980752
      8          1           0       -0.429363   -1.105870   -0.996468
      9          1           0       -0.395158   -1.239368    0.801812
     10          1           0        0.510504    1.215651   -0.843618
     11          1           0        0.558486    1.094583    0.952272
     12          1           0        2.051921   -0.530451    0.789109
 ---------------------------------------------------------------------
 Rotational constants (GHZ):          25.2667219           3.8460676           3.6102966
 Standard basis: VSTO-6G (5D, 7F)
 There are    24 symmetry adapted cartesian basis functions of A   symmetry.
 There are    24 symmetry adapted basis functions of A   symmetry.
    24 basis functions,   144 primitive gaussians,    24 cartesian basis functions
    13 alpha electrons       13 beta electrons
       nuclear repulsion energy        94.2499673392 Hartrees.
 Integral buffers will be    131072 words long.
 Regular integral format.
 Two-electron integral symmetry is turned off.
 Do NDO integrals.
 One-electron integrals computed using PRISM.
 NBasis=    24 RedAO= F EigKep=  0.00D+00  NBF=    24
 NBsUse=    24 1.00D-04 EigRej=  0.00D+00 NBFU=    24
 Simple Huckel Guess.
 Keep J ints in memory in canonical form, NReq=860523.
 Overlap will be assumed to be unity.
 Requested convergence on RMS density matrix=1.00D-08 within 128 cycles.
 Requested convergence on MAX density matrix=1.00D-06.
 Requested convergence on             energy=1.00D-06.
 No special actions if energy rises.
 SCF Done:  E(RPM3) = -0.979531664614E-01 A.U. after   13 cycles
            NFock= 12  Conv=0.42D-08     -V/T= 0.9977

 **********************************************************************

            Population analysis using the SCF density.

 **********************************************************************

 Orbital symmetries:
       Occupied  (A) (A) (A) (A) (A) (A) (A) (A) (A) (A) (A) (A)
                 (A)
       Virtual   (A) (A) (A) (A) (A) (A) (A) (A) (A) (A) (A)
 The electronic state is 1-A.
 Alpha  occ. eigenvalues --   -1.43236  -1.23651  -0.93128  -0.78366  -0.66169
 Alpha  occ. eigenvalues --   -0.60155  -0.56149  -0.55102  -0.49869  -0.47255
 Alpha  occ. eigenvalues --   -0.45950  -0.42709  -0.41021
 Alpha virt. eigenvalues --    0.11927   0.12794   0.13858   0.13914   0.14491
 Alpha virt. eigenvalues --    0.15108   0.15773   0.17012   0.17465   0.17855
 Alpha virt. eigenvalues --    0.20431
          Condensed to atoms (all electrons):
               1          2          3          4          5          6
     1  C    4.107697   0.000000   0.000000   0.000000   0.000000   0.000000
     2  C    0.000000   4.149591   0.000000   0.000000   0.000000   0.000000
     3  C    0.000000   0.000000   3.933422   0.000000   0.000000   0.000000
     4  O    0.000000   0.000000   0.000000   6.306793   0.000000   0.000000
     5  H    0.000000   0.000000   0.000000   0.000000   0.959333   0.000000
     6  H    0.000000   0.000000   0.000000   0.000000   0.000000   0.958065
     7  H    0.000000   0.000000   0.000000   0.000000   0.000000   0.000000
     8  H    0.000000   0.000000   0.000000   0.000000   0.000000   0.000000
     9  H    0.000000   0.000000   0.000000   0.000000   0.000000   0.000000
    10  H    0.000000   0.000000   0.000000   0.000000   0.000000   0.000000
    11  H    0.000000   0.000000   0.000000   0.000000   0.000000   0.000000
    12  H    0.000000   0.000000   0.000000   0.000000   0.000000   0.000000
               7          8          9         10         11         12
     1  C    0.000000   0.000000   0.000000   0.000000   0.000000   0.000000
     2  C    0.000000   0.000000   0.000000   0.000000   0.000000   0.000000
     3  C    0.000000   0.000000   0.000000   0.000000   0.000000   0.000000
     4  O    0.000000   0.000000   0.000000   0.000000   0.000000   0.000000
     5  H    0.000000   0.000000   0.000000   0.000000   0.000000   0.000000
     6  H    0.000000   0.000000   0.000000   0.000000   0.000000   0.000000
     7  H    0.961226   0.000000   0.000000   0.000000   0.000000   0.000000
     8  H    0.000000   0.935295   0.000000   0.000000   0.000000   0.000000
     9  H    0.000000   0.000000   0.951163   0.000000   0.000000   0.000000
    10  H    0.000000   0.000000   0.000000   0.942555   0.000000   0.000000
    11  H    0.000000   0.000000   0.000000   0.000000   0.978252   0.000000
    12  H    0.000000   0.000000   0.000000   0.000000   0.000000   0.816609
 Mulliken charges:
               1
     1  C   -0.107697
     2  C   -0.149591
     3  C    0.066578
     4  O   -0.306793
     5  H    0.040667
     6  H    0.041935
     7  H    0.038774
     8  H    0.064705
     9  H    0.048837
    10  H    0.057445
    11  H    0.021748
    12  H    0.183391
 Sum of Mulliken charges =  -0.00000
 Mulliken charges with hydrogens summed into heavy atoms:
               1
     1  C    0.013679
     2  C   -0.036048
     3  C    0.145771
     4  O   -0.123402
 Charge=             -0.0000 electrons
 Dipole moment (field-independent basis, Debye):
    X=             -0.9418    Y=              0.0110    Z=              1.2039  Tot=              1.5285
 N-N= 9.424996733922D+01 E-N=-1.271132889221D+02  KE=-4.352735919142D+01
 1\1\GINC-SUNRAY\SP\RPM3\ZDO\C3H8O1\KOERSTZ\16-Jan-2019\0\\# pm3\\input
  prepared by QMMol\\0,1\C,0,1.50714,1.31756,0.20694\C,0,3.02486,1.3331
 6,0.05089\C,0,3.5656,-0.06515,-0.2573\O,0,4.96254,-0.031,-0.36586\H,0,
 1.14583,2.34388,0.42846\H,0,1.21197,0.64882,1.04345\H,0,1.02651,0.9664
 ,-0.73104\H,0,3.48368,1.70802,0.99148\H,0,3.29735,2.02686,-0.77386\H,0
 ,3.29414,-0.75789,0.56776\H,0,3.11506,-0.45628,-1.19835\H,0,5.16904,0.
 36589,-1.25227\\Version=ES64L-G16RevA.03\State=1-A\HF=-0.0979532\RMSD=
 4.164e-09\Dipole=-0.4035627,0.2067004,-0.3950534\PG=C01 [X(C3H8O1)]\\@


 A DANDELION FROM A LOVER MEANS MORE THAN AN ORCHID FROM A FRIEND.
 Job cpu time:       0 days  0 hours  0 minutes  0.5 seconds.
 Elapsed time:       0 days  0 hours  0 minutes  0.5 seconds.
 File lengths (MBytes):  RWF=      6 Int=      0 D2E=      0 Chk=      2 Scr=      1
 Normal termination of Gaussian 16 at Wed Jan 16 09:05:08 2019.
