 Entering Gaussian System, Link 0=/opt/gaussian/g16/sse4/g16/g16
 Initial command:
 /opt/gaussian/g16/sse4/g16/l1.exe "/home/koerstz/git/tQMC/tests/propanol-7/Gau-1377.inp" -scrdir="/home/koerstz/git/tQMC/tests/propanol-7/"
 Entering Link 1 = /opt/gaussian/g16/sse4/g16/l1.exe PID=      1379.
  
 Copyright (c) 1988,1990,1992,1993,1995,1998,2003,2009,2016,
            Gaussian, Inc.  All Rights Reserved.
  
 This is part of the Gaussian(R) 16 program.  It is based on
 the Gaussian(R) 09 system (copyright 2009, Gaussian, Inc.),
 the Gaussian(R) 03 system (copyright 2003, Gaussian, Inc.),
 the Gaussian(R) 98 system (copyright 1998, Gaussian, Inc.),
 the Gaussian(R) 94 system (copyright 1995, Gaussian, Inc.),
 the Gaussian 92(TM) system (copyright 1992, Gaussian, Inc.),
 the Gaussian 90(TM) system (copyright 1990, Gaussian, Inc.),
 the Gaussian 88(TM) system (copyright 1988, Gaussian, Inc.),
 the Gaussian 86(TM) system (copyright 1986, Carnegie Mellon
 University), and the Gaussian 82(TM) system (copyright 1983,
 Carnegie Mellon University). Gaussian is a federally registered
 trademark of Gaussian, Inc.
  
 This software contains proprietary and confidential information,
 including trade secrets, belonging to Gaussian, Inc.
  
 This software is provided under written license and may be
 used, copied, transmitted, or stored only in accord with that
 written license.
  
 The following legend is applicable only to US Government
 contracts under FAR:
  
                    RESTRICTED RIGHTS LEGEND
  
 Use, reproduction and disclosure by the US Government is
 subject to restrictions as set forth in subparagraphs (a)
 and (c) of the Commercial Computer Software - Restricted
 Rights clause in FAR 52.227-19.
  
 Gaussian, Inc.
 340 Quinnipiac St., Bldg. 40, Wallingford CT 06492
  
  
 ---------------------------------------------------------------
 Warning -- This program may not be used in any manner that
 competes with the business of Gaussian, Inc. or will provide
 assistance to any competitor of Gaussian, Inc.  The licensee
 of this program is prohibited from giving any competitor of
 Gaussian, Inc. access to this program.  By using this program,
 the user acknowledges that Gaussian, Inc. is engaged in the
 business of creating and licensing software in the field of
 computational chemistry and represents and warrants to the
 licensee that it is not a competitor of Gaussian, Inc. and that
 it will not use this program in any manner prohibited above.
 ---------------------------------------------------------------
  

 Cite this work as:
 Gaussian 16, Revision A.03,
 M. J. Frisch, G. W. Trucks, H. B. Schlegel, G. E. Scuseria, 
 M. A. Robb, J. R. Cheeseman, G. Scalmani, V. Barone, 
 G. A. Petersson, H. Nakatsuji, X. Li, M. Caricato, A. V. Marenich, 
 J. Bloino, B. G. Janesko, R. Gomperts, B. Mennucci, H. P. Hratchian, 
 J. V. Ortiz, A. F. Izmaylov, J. L. Sonnenberg, D. Williams-Young, 
 F. Ding, F. Lipparini, F. Egidi, J. Goings, B. Peng, A. Petrone, 
 T. Henderson, D. Ranasinghe, V. G. Zakrzewski, J. Gao, N. Rega, 
 G. Zheng, W. Liang, M. Hada, M. Ehara, K. Toyota, R. Fukuda, 
 J. Hasegawa, M. Ishida, T. Nakajima, Y. Honda, O. Kitao, H. Nakai, 
 T. Vreven, K. Throssell, J. A. Montgomery, Jr., J. E. Peralta, 
 F. Ogliaro, M. J. Bearpark, J. J. Heyd, E. N. Brothers, K. N. Kudin, 
 V. N. Staroverov, T. A. Keith, R. Kobayashi, J. Normand, 
 K. Raghavachari, A. P. Rendell, J. C. Burant, S. S. Iyengar, 
 J. Tomasi, M. Cossi, J. M. Millam, M. Klene, C. Adamo, R. Cammi, 
 J. W. Ochterski, R. L. Martin, K. Morokuma, O. Farkas, 
 J. B. Foresman, and D. J. Fox, Gaussian, Inc., Wallingford CT, 2016.
 
 ******************************************
 Gaussian 16:  ES64L-G16RevA.03 25-Dec-2016
                16-Jan-2019 
 ******************************************
 -----
 # pm3
 -----
 1/38=1,172=1/1;
 2/12=2,17=6,18=5,40=1/2;
 3/5=2,25=1,41=800000/1,2,3;
 4/35=1/1;
 5/5=2,35=1,38=5/2;
 6/7=2,8=2,9=2,10=2,28=1/1;
 99/5=1,9=1/99;
 -----------------------
 input prepared by QMMol
 -----------------------
 Symbolic Z-matrix:
 Charge =  0 Multiplicity = 1
 C                     1.5109    1.3253    0.21655 
 C                     3.02553   1.3138    0.02096 
 C                     3.55299  -0.09361  -0.26054 
 O                     3.05565  -0.55916  -1.48473 
 H                     1.17401   2.3593    0.44078 
 H                     1.22607   0.66772   1.06536 
 H                     0.99711   0.97878  -0.70512 
 H                     3.50956   1.7035    0.94251 
 H                     3.29448   1.98727  -0.8216 
 H                     4.66443  -0.05765  -0.30134 
 H                     3.2515   -0.78132   0.56147 
 H                     3.4283   -1.47122  -1.60373 
 
                          Input orientation:                          
 ---------------------------------------------------------------------
 Center     Atomic      Atomic             Coordinates (Angstroms)
 Number     Number       Type             X           Y           Z
 ---------------------------------------------------------------------
      1          6           0        1.510900    1.325300    0.216550
      2          6           0        3.025530    1.313800    0.020960
      3          6           0        3.552990   -0.093610   -0.260540
      4          8           0        3.055650   -0.559160   -1.484730
      5          1           0        1.174010    2.359300    0.440780
      6          1           0        1.226070    0.667720    1.065360
      7          1           0        0.997110    0.978780   -0.705120
      8          1           0        3.509560    1.703500    0.942510
      9          1           0        3.294480    1.987270   -0.821600
     10          1           0        4.664430   -0.057650   -0.301340
     11          1           0        3.251500   -0.781320    0.561470
     12          1           0        3.428300   -1.471220   -1.603730
 ---------------------------------------------------------------------
                    Distance matrix (angstroms):
                    1          2          3          4          5
     1  C    0.000000
     2  C    1.527250   0.000000
     3  C    2.532006   1.529137   0.000000
     4  O    2.971834   2.403329   1.400973   0.000000
     5  H    1.110374   2.167359   3.488289   3.970588   0.000000
     6  H    1.110864   2.178588   2.784276   3.369801   1.803955
     7  H    1.110645   2.180348   2.807168   2.685263   1.802836
     8  H    2.159790   1.111488   2.163058   3.349203   2.477216
     9  H    2.167283   1.111667   2.170640   2.642175   2.495677
    10  H    3.482171   2.161191   1.112770   2.059150   4.309921
    11  H    2.754361   2.175486   1.113347   2.067522   3.767496
    12  H    3.848424   3.249335   1.928086   0.992412   4.892313
                    6          7          8          9         10
     6  H    0.000000
     7  H    1.812120   0.000000
     8  H    2.510430   3.090681   0.000000
     9  H    3.095182   2.511678   1.799686   0.000000
    10  H    3.770458   3.832292   2.445922   2.515776   0.000000
    11  H    2.540864   3.128015   2.527077   3.095129   1.806796
    12  H    4.068037   3.566607   4.070478   3.548350   2.285261
                   11         12
    11  H    0.000000
    12  H    2.279323   0.000000
 Stoichiometry    C3H8O
 Framework group  C1[X(C3H8O)]
 Deg. of freedom    30
 Full point group                 C1      NOp   1
 Largest Abelian subgroup         C1      NOp   1
 Largest concise Abelian subgroup C1      NOp   1
                         Standard orientation:                         
 ---------------------------------------------------------------------
 Center     Atomic      Atomic             Coordinates (Angstroms)
 Number     Number       Type             X           Y           Z
 ---------------------------------------------------------------------
      1          6           0       -1.543906   -0.520830    0.128834
      2          6           0       -0.645443    0.640950   -0.290121
      3          6           0        0.760043    0.515460    0.299047
      4          8           0        1.405065   -0.611060   -0.227855
      5          1           0       -2.558044   -0.378509   -0.300350
      6          1           0       -1.630007   -0.562872    1.235557
      7          1           0       -1.134515   -1.483352   -0.244641
      8          1           0       -1.100974    1.591973    0.061238
      9          1           0       -0.581890    0.677608   -1.399364
     10          1           0        1.339457    1.429520    0.040145
     11          1           0        0.699114    0.437851    1.408013
     12          1           0        2.302177   -0.637215    0.195687
 ---------------------------------------------------------------------
 Rotational constants (GHZ):          14.6896706           5.0222624           4.3015006
 Standard basis: VSTO-6G (5D, 7F)
 There are    24 symmetry adapted cartesian basis functions of A   symmetry.
 There are    24 symmetry adapted basis functions of A   symmetry.
    24 basis functions,   144 primitive gaussians,    24 cartesian basis functions
    13 alpha electrons       13 beta electrons
       nuclear repulsion energy        95.1101872802 Hartrees.
 Integral buffers will be    131072 words long.
 Regular integral format.
 Two-electron integral symmetry is turned off.
 Do NDO integrals.
 One-electron integrals computed using PRISM.
 NBasis=    24 RedAO= F EigKep=  0.00D+00  NBF=    24
 NBsUse=    24 1.00D-04 EigRej=  0.00D+00 NBFU=    24
 Simple Huckel Guess.
 Keep J ints in memory in canonical form, NReq=860523.
 Overlap will be assumed to be unity.
 Requested convergence on RMS density matrix=1.00D-08 within 128 cycles.
 Requested convergence on MAX density matrix=1.00D-06.
 Requested convergence on             energy=1.00D-06.
 No special actions if energy rises.
 SCF Done:  E(RPM3) = -0.949230989206E-01 A.U. after   13 cycles
            NFock= 12  Conv=0.33D-08     -V/T= 0.9978

 **********************************************************************

            Population analysis using the SCF density.

 **********************************************************************

 Orbital symmetries:
       Occupied  (A) (A) (A) (A) (A) (A) (A) (A) (A) (A) (A) (A)
                 (A)
       Virtual   (A) (A) (A) (A) (A) (A) (A) (A) (A) (A) (A)
 The electronic state is 1-A.
 Alpha  occ. eigenvalues --   -1.42789  -1.22898  -0.94601  -0.76145  -0.66535
 Alpha  occ. eigenvalues --   -0.59672  -0.56031  -0.54094  -0.50266  -0.47335
 Alpha  occ. eigenvalues --   -0.44335  -0.43213  -0.39984
 Alpha virt. eigenvalues --    0.11853   0.13289   0.13916   0.14530   0.15091
 Alpha virt. eigenvalues --    0.15686   0.16148   0.17823   0.18110   0.18348
 Alpha virt. eigenvalues --    0.20501
          Condensed to atoms (all electrons):
               1          2          3          4          5          6
     1  C    4.111524   0.000000   0.000000   0.000000   0.000000   0.000000
     2  C    0.000000   4.112353   0.000000   0.000000   0.000000   0.000000
     3  C    0.000000   0.000000   3.927158   0.000000   0.000000   0.000000
     4  O    0.000000   0.000000   0.000000   6.307737   0.000000   0.000000
     5  H    0.000000   0.000000   0.000000   0.000000   0.964320   0.000000
     6  H    0.000000   0.000000   0.000000   0.000000   0.000000   0.962989
     7  H    0.000000   0.000000   0.000000   0.000000   0.000000   0.000000
     8  H    0.000000   0.000000   0.000000   0.000000   0.000000   0.000000
     9  H    0.000000   0.000000   0.000000   0.000000   0.000000   0.000000
    10  H    0.000000   0.000000   0.000000   0.000000   0.000000   0.000000
    11  H    0.000000   0.000000   0.000000   0.000000   0.000000   0.000000
    12  H    0.000000   0.000000   0.000000   0.000000   0.000000   0.000000
               7          8          9         10         11         12
     1  C    0.000000   0.000000   0.000000   0.000000   0.000000   0.000000
     2  C    0.000000   0.000000   0.000000   0.000000   0.000000   0.000000
     3  C    0.000000   0.000000   0.000000   0.000000   0.000000   0.000000
     4  O    0.000000   0.000000   0.000000   0.000000   0.000000   0.000000
     5  H    0.000000   0.000000   0.000000   0.000000   0.000000   0.000000
     6  H    0.000000   0.000000   0.000000   0.000000   0.000000   0.000000
     7  H    0.946032   0.000000   0.000000   0.000000   0.000000   0.000000
     8  H    0.000000   0.949528   0.000000   0.000000   0.000000   0.000000
     9  H    0.000000   0.000000   0.939987   0.000000   0.000000   0.000000
    10  H    0.000000   0.000000   0.000000   0.983707   0.000000   0.000000
    11  H    0.000000   0.000000   0.000000   0.000000   0.979133   0.000000
    12  H    0.000000   0.000000   0.000000   0.000000   0.000000   0.815533
 Mulliken charges:
               1
     1  C   -0.111524
     2  C   -0.112353
     3  C    0.072842
     4  O   -0.307737
     5  H    0.035680
     6  H    0.037011
     7  H    0.053968
     8  H    0.050472
     9  H    0.060013
    10  H    0.016293
    11  H    0.020867
    12  H    0.184467
 Sum of Mulliken charges =   0.00000
 Mulliken charges with hydrogens summed into heavy atoms:
               1
     1  C    0.015135
     2  C   -0.001867
     3  C    0.110002
     4  O   -0.123270
 Charge=              0.0000 electrons
 Dipole moment (field-independent basis, Debye):
    X=              0.5396    Y=              0.8987    Z=              0.9443  Tot=              1.4109
 N-N= 9.511018728022D+01 E-N=-1.289604354205D+02  KE=-4.349185141465D+01
 1\1\GINC-SUNRAY\SP\RPM3\ZDO\C3H8O1\KOERSTZ\16-Jan-2019\0\\# pm3\\input
  prepared by QMMol\\0,1\C,0,1.5109,1.3253,0.21655\C,0,3.02553,1.3138,0
 .02096\C,0,3.55299,-0.09361,-0.26054\O,0,3.05565,-0.55916,-1.48473\H,0
 ,1.17401,2.3593,0.44078\H,0,1.22607,0.66772,1.06536\H,0,0.99711,0.9787
 8,-0.70512\H,0,3.50956,1.7035,0.94251\H,0,3.29448,1.98727,-0.8216\H,0,
 4.66443,-0.05765,-0.30134\H,0,3.2515,-0.78132,0.56147\H,0,3.4283,-1.47
 122,-1.60373\\Version=ES64L-G16RevA.03\State=1-A\HF=-0.0949231\RMSD=3.
 286e-09\Dipole=0.3365075,-0.2784021,0.342589\PG=C01 [X(C3H8O1)]\\@


 A MUSTACHE HAIR ACROSS A CHIP IS LIKE A REDWOOD
 TREE FALLING THROUGH A HOUSING PROJECT.
 - AN IBM MANAGER IN EAST FISHKILL, NEW YORK
   AS QUOTED IN "FROM SANDS TO CIRCUITS", IBM INNOVATION JANUARY 1985.
 Job cpu time:       0 days  0 hours  0 minutes  0.6 seconds.
 Elapsed time:       0 days  0 hours  0 minutes  0.5 seconds.
 File lengths (MBytes):  RWF=      6 Int=      0 D2E=      0 Chk=      2 Scr=      1
 Normal termination of Gaussian 16 at Wed Jan 16 09:05:09 2019.
