 Entering Gaussian System, Link 0=/opt/gaussian/g16/sse4/g16/g16
 Initial command:
 /opt/gaussian/g16/sse4/g16/l1.exe "/home/koerstz/git/tQMC/tests/propanol-9/Gau-1402.inp" -scrdir="/home/koerstz/git/tQMC/tests/propanol-9/"
 Entering Link 1 = /opt/gaussian/g16/sse4/g16/l1.exe PID=      1407.
  
 Copyright (c) 1988,1990,1992,1993,1995,1998,2003,2009,2016,
            Gaussian, Inc.  All Rights Reserved.
  
 This is part of the Gaussian(R) 16 program.  It is based on
 the Gaussian(R) 09 system (copyright 2009, Gaussian, Inc.),
 the Gaussian(R) 03 system (copyright 2003, Gaussian, Inc.),
 the Gaussian(R) 98 system (copyright 1998, Gaussian, Inc.),
 the Gaussian(R) 94 system (copyright 1995, Gaussian, Inc.),
 the Gaussian 92(TM) system (copyright 1992, Gaussian, Inc.),
 the Gaussian 90(TM) system (copyright 1990, Gaussian, Inc.),
 the Gaussian 88(TM) system (copyright 1988, Gaussian, Inc.),
 the Gaussian 86(TM) system (copyright 1986, Carnegie Mellon
 University), and the Gaussian 82(TM) system (copyright 1983,
 Carnegie Mellon University). Gaussian is a federally registered
 trademark of Gaussian, Inc.
  
 This software contains proprietary and confidential information,
 including trade secrets, belonging to Gaussian, Inc.
  
 This software is provided under written license and may be
 used, copied, transmitted, or stored only in accord with that
 written license.
  
 The following legend is applicable only to US Government
 contracts under FAR:
  
                    RESTRICTED RIGHTS LEGEND
  
 Use, reproduction and disclosure by the US Government is
 subject to restrictions as set forth in subparagraphs (a)
 and (c) of the Commercial Computer Software - Restricted
 Rights clause in FAR 52.227-19.
  
 Gaussian, Inc.
 340 Quinnipiac St., Bldg. 40, Wallingford CT 06492
  
  
 ---------------------------------------------------------------
 Warning -- This program may not be used in any manner that
 competes with the business of Gaussian, Inc. or will provide
 assistance to any competitor of Gaussian, Inc.  The licensee
 of this program is prohibited from giving any competitor of
 Gaussian, Inc. access to this program.  By using this program,
 the user acknowledges that Gaussian, Inc. is engaged in the
 business of creating and licensing software in the field of
 computational chemistry and represents and warrants to the
 licensee that it is not a competitor of Gaussian, Inc. and that
 it will not use this program in any manner prohibited above.
 ---------------------------------------------------------------
  

 Cite this work as:
 Gaussian 16, Revision A.03,
 M. J. Frisch, G. W. Trucks, H. B. Schlegel, G. E. Scuseria, 
 M. A. Robb, J. R. Cheeseman, G. Scalmani, V. Barone, 
 G. A. Petersson, H. Nakatsuji, X. Li, M. Caricato, A. V. Marenich, 
 J. Bloino, B. G. Janesko, R. Gomperts, B. Mennucci, H. P. Hratchian, 
 J. V. Ortiz, A. F. Izmaylov, J. L. Sonnenberg, D. Williams-Young, 
 F. Ding, F. Lipparini, F. Egidi, J. Goings, B. Peng, A. Petrone, 
 T. Henderson, D. Ranasinghe, V. G. Zakrzewski, J. Gao, N. Rega, 
 G. Zheng, W. Liang, M. Hada, M. Ehara, K. Toyota, R. Fukuda, 
 J. Hasegawa, M. Ishida, T. Nakajima, Y. Honda, O. Kitao, H. Nakai, 
 T. Vreven, K. Throssell, J. A. Montgomery, Jr., J. E. Peralta, 
 F. Ogliaro, M. J. Bearpark, J. J. Heyd, E. N. Brothers, K. N. Kudin, 
 V. N. Staroverov, T. A. Keith, R. Kobayashi, J. Normand, 
 K. Raghavachari, A. P. Rendell, J. C. Burant, S. S. Iyengar, 
 J. Tomasi, M. Cossi, J. M. Millam, M. Klene, C. Adamo, R. Cammi, 
 J. W. Ochterski, R. L. Martin, K. Morokuma, O. Farkas, 
 J. B. Foresman, and D. J. Fox, Gaussian, Inc., Wallingford CT, 2016.
 
 ******************************************
 Gaussian 16:  ES64L-G16RevA.03 25-Dec-2016
                16-Jan-2019 
 ******************************************
 -----
 # pm3
 -----
 1/38=1,172=1/1;
 2/12=2,17=6,18=5,40=1/2;
 3/5=2,25=1,41=800000/1,2,3;
 4/35=1/1;
 5/5=2,35=1,38=5/2;
 6/7=2,8=2,9=2,10=2,28=1/1;
 99/5=1,9=1/99;
 -----------------------
 input prepared by QMMol
 -----------------------
 Symbolic Z-matrix:
 Charge =  0 Multiplicity = 1
 C                     1.48797   1.31458   0.27599 
 C                     2.99462   1.33681   0.02801 
 C                     3.53966  -0.0569   -0.30056 
 O                     2.98665  -0.54261  -1.49432 
 H                     1.14002   2.33641   0.53621 
 H                     1.2452    0.63203   1.11812 
 H                     0.94905   0.97975  -0.63559 
 H                     3.50328   1.71687   0.94019 
 H                     3.2213    2.03363  -0.80781 
 H                     4.64946  -0.01331  -0.38207 
 H                     3.29262  -0.75979   0.52352 
 H                     3.43148  -0.05161  -2.23377 
 
                          Input orientation:                          
 ---------------------------------------------------------------------
 Center     Atomic      Atomic             Coordinates (Angstroms)
 Number     Number       Type             X           Y           Z
 ---------------------------------------------------------------------
      1          6           0        1.487970    1.314580    0.275990
      2          6           0        2.994620    1.336810    0.028010
      3          6           0        3.539660   -0.056900   -0.300560
      4          8           0        2.986650   -0.542610   -1.494320
      5          1           0        1.140020    2.336410    0.536210
      6          1           0        1.245200    0.632030    1.118120
      7          1           0        0.949050    0.979750   -0.635590
      8          1           0        3.503280    1.716870    0.940190
      9          1           0        3.221300    2.033630   -0.807810
     10          1           0        4.649460   -0.013310   -0.382070
     11          1           0        3.292620   -0.759790    0.523520
     12          1           0        3.431480   -0.051610   -2.233770
 ---------------------------------------------------------------------
                    Distance matrix (angstroms):
                    1          2          3          4          5
     1  C    0.000000
     2  C    1.527083   0.000000
     3  C    2.534324   1.532140   0.000000
     4  O    2.971396   2.418630   1.402425   0.000000
     5  H    1.110369   2.167258   3.490901   3.977669   0.000000
     6  H    1.110853   2.178423   2.784210   3.352204   1.804049
     7  H    1.110641   2.179957   2.810364   2.684550   1.802806
     8  H    2.159739   1.111419   2.164958   3.361398   2.476293
     9  H    2.167046   1.111547   2.174620   2.676447   2.495955
    10  H    3.491612   2.174738   1.113643   2.069347   4.322105
    11  H    2.760624   2.174871   1.110941   2.052429   3.770982
    12  H    3.455807   2.689648   1.936242   0.992845   4.315810
                    6          7          8          9         10
     6  H    0.000000
     7  H    1.812212   0.000000
     8  H    2.511466   3.090391   0.000000
     9  H    3.094941   2.510666   1.798709   0.000000
    10  H    3.775714   3.839723   2.460818   2.531967   0.000000
    11  H    2.546103   3.140359   2.520285   3.095274   1.793973
    12  H    4.059846   3.127354   3.634102   2.534909   2.216695
                   11         12
    11  H    0.000000
    12  H    2.850167   0.000000
 Stoichiometry    C3H8O
 Framework group  C1[X(C3H8O)]
 Deg. of freedom    30
 Full point group                 C1      NOp   1
 Largest Abelian subgroup         C1      NOp   1
 Largest concise Abelian subgroup C1      NOp   1
                         Standard orientation:                         
 ---------------------------------------------------------------------
 Center     Atomic      Atomic             Coordinates (Angstroms)
 Number     Number       Type             X           Y           Z
 ---------------------------------------------------------------------
      1          6           0       -1.539559   -0.494904    0.122403
      2          6           0       -0.608845    0.630994   -0.322690
      3          6           0        0.772411    0.521934    0.331291
      4          8           0        1.421634   -0.657128   -0.062561
      5          1           0       -2.534529   -0.362919   -0.352503
      6          1           0       -1.667884   -0.476507    1.225666
      7          1           0       -1.130479   -1.481062   -0.183652
      8          1           0       -1.064238    1.605402   -0.042692
      9          1           0       -0.501899    0.606499   -1.428809
     10          1           0        1.386769    1.408607    0.054570
     11          1           0        0.664631    0.522172    1.436992
     12          1           0        1.730522   -0.513305   -0.995108
 ---------------------------------------------------------------------
 Rotational constants (GHZ):          14.2582853           5.0886265           4.3741505
 Standard basis: VSTO-6G (5D, 7F)
 There are    24 symmetry adapted cartesian basis functions of A   symmetry.
 There are    24 symmetry adapted basis functions of A   symmetry.
    24 basis functions,   144 primitive gaussians,    24 cartesian basis functions
    13 alpha electrons       13 beta electrons
       nuclear repulsion energy        95.2775835086 Hartrees.
 Integral buffers will be    131072 words long.
 Regular integral format.
 Two-electron integral symmetry is turned off.
 Do NDO integrals.
 One-electron integrals computed using PRISM.
 NBasis=    24 RedAO= F EigKep=  0.00D+00  NBF=    24
 NBsUse=    24 1.00D-04 EigRej=  0.00D+00 NBFU=    24
 Simple Huckel Guess.
 Keep J ints in memory in canonical form, NReq=860523.
 Overlap will be assumed to be unity.
 Requested convergence on RMS density matrix=1.00D-08 within 128 cycles.
 Requested convergence on MAX density matrix=1.00D-06.
 Requested convergence on             energy=1.00D-06.
 No special actions if energy rises.
 SCF Done:  E(RPM3) = -0.969574663891E-01 A.U. after   13 cycles
            NFock= 12  Conv=0.38D-08     -V/T= 0.9978

 **********************************************************************

            Population analysis using the SCF density.

 **********************************************************************

 Orbital symmetries:
       Occupied  (A) (A) (A) (A) (A) (A) (A) (A) (A) (A) (A) (A)
                 (A)
       Virtual   (A) (A) (A) (A) (A) (A) (A) (A) (A) (A) (A)
 The electronic state is 1-A.
 Alpha  occ. eigenvalues --   -1.43291  -1.22223  -0.94809  -0.77651  -0.64114
 Alpha  occ. eigenvalues --   -0.60993  -0.58137  -0.52680  -0.50465  -0.47348
 Alpha  occ. eigenvalues --   -0.43850  -0.43677  -0.40882
 Alpha virt. eigenvalues --    0.12194   0.12572   0.13765   0.14123   0.15015
 Alpha virt. eigenvalues --    0.15417   0.16287   0.17049   0.17799   0.18213
 Alpha virt. eigenvalues --    0.20433
          Condensed to atoms (all electrons):
               1          2          3          4          5          6
     1  C    4.108162   0.000000   0.000000   0.000000   0.000000   0.000000
     2  C    0.000000   4.144204   0.000000   0.000000   0.000000   0.000000
     3  C    0.000000   0.000000   3.932439   0.000000   0.000000   0.000000
     4  O    0.000000   0.000000   0.000000   6.305473   0.000000   0.000000
     5  H    0.000000   0.000000   0.000000   0.000000   0.964812   0.000000
     6  H    0.000000   0.000000   0.000000   0.000000   0.000000   0.958593
     7  H    0.000000   0.000000   0.000000   0.000000   0.000000   0.000000
     8  H    0.000000   0.000000   0.000000   0.000000   0.000000   0.000000
     9  H    0.000000   0.000000   0.000000   0.000000   0.000000   0.000000
    10  H    0.000000   0.000000   0.000000   0.000000   0.000000   0.000000
    11  H    0.000000   0.000000   0.000000   0.000000   0.000000   0.000000
    12  H    0.000000   0.000000   0.000000   0.000000   0.000000   0.000000
               7          8          9         10         11         12
     1  C    0.000000   0.000000   0.000000   0.000000   0.000000   0.000000
     2  C    0.000000   0.000000   0.000000   0.000000   0.000000   0.000000
     3  C    0.000000   0.000000   0.000000   0.000000   0.000000   0.000000
     4  O    0.000000   0.000000   0.000000   0.000000   0.000000   0.000000
     5  H    0.000000   0.000000   0.000000   0.000000   0.000000   0.000000
     6  H    0.000000   0.000000   0.000000   0.000000   0.000000   0.000000
     7  H    0.948293   0.000000   0.000000   0.000000   0.000000   0.000000
     8  H    0.000000   0.946952   0.000000   0.000000   0.000000   0.000000
     9  H    0.000000   0.000000   0.951132   0.000000   0.000000   0.000000
    10  H    0.000000   0.000000   0.000000   0.981744   0.000000   0.000000
    11  H    0.000000   0.000000   0.000000   0.000000   0.941308   0.000000
    12  H    0.000000   0.000000   0.000000   0.000000   0.000000   0.816888
 Mulliken charges:
               1
     1  C   -0.108162
     2  C   -0.144204
     3  C    0.067561
     4  O   -0.305473
     5  H    0.035188
     6  H    0.041407
     7  H    0.051707
     8  H    0.053048
     9  H    0.048868
    10  H    0.018256
    11  H    0.058692
    12  H    0.183112
 Sum of Mulliken charges =  -0.00000
 Mulliken charges with hydrogens summed into heavy atoms:
               1
     1  C    0.020140
     2  C   -0.042288
     3  C    0.144510
     4  O   -0.122361
 Charge=             -0.0000 electrons
 Dipole moment (field-independent basis, Debye):
    X=             -0.2128    Y=              1.2008    Z=             -0.8429  Tot=              1.4825
 N-N= 9.527758350864D+01 E-N=-1.292289201042D+02  KE=-4.351778131081D+01
 1\1\GINC-SUNRAY\SP\RPM3\ZDO\C3H8O1\KOERSTZ\16-Jan-2019\0\\# pm3\\input
  prepared by QMMol\\0,1\C,0,1.48797,1.31458,0.27599\C,0,2.99462,1.3368
 1,0.02801\C,0,3.53966,-0.0569,-0.30056\O,0,2.98665,-0.54261,-1.49432\H
 ,0,1.14002,2.33641,0.53621\H,0,1.2452,0.63203,1.11812\H,0,0.94905,0.97
 975,-0.63559\H,0,3.50328,1.71687,0.94019\H,0,3.2213,2.03363,-0.80781\H
 ,0,4.64946,-0.01331,-0.38207\H,0,3.29262,-0.75979,0.52352\H,0,3.43148,
 -0.05161,-2.23377\\Version=ES64L-G16RevA.03\State=1-A\HF=-0.0969575\RM
 SD=3.833e-09\Dipole=0.4005817,0.4214489,0.0456856\PG=C01 [X(C3H8O1)]\\
 @


 A MUSTACHE HAIR ACROSS A CHIP IS LIKE A REDWOOD
 TREE FALLING THROUGH A HOUSING PROJECT.
 - AN IBM MANAGER IN EAST FISHKILL, NEW YORK
   AS QUOTED IN "FROM SANDS TO CIRCUITS", IBM INNOVATION JANUARY 1985.
 Job cpu time:       0 days  0 hours  0 minutes  0.5 seconds.
 Elapsed time:       0 days  0 hours  0 minutes  0.4 seconds.
 File lengths (MBytes):  RWF=      6 Int=      0 D2E=      0 Chk=      2 Scr=      1
 Normal termination of Gaussian 16 at Wed Jan 16 09:05:09 2019.
