 Entering Gaussian System, Link 0=/opt/gaussian/g16/sse4/g16/g16
 Initial command:
 /opt/gaussian/g16/sse4/g16/l1.exe "/home/koerstz/git/tQMC/tests/propanol-8/Gau-1403.inp" -scrdir="/home/koerstz/git/tQMC/tests/propanol-8/"
 Entering Link 1 = /opt/gaussian/g16/sse4/g16/l1.exe PID=      1406.
  
 Copyright (c) 1988,1990,1992,1993,1995,1998,2003,2009,2016,
            Gaussian, Inc.  All Rights Reserved.
  
 This is part of the Gaussian(R) 16 program.  It is based on
 the Gaussian(R) 09 system (copyright 2009, Gaussian, Inc.),
 the Gaussian(R) 03 system (copyright 2003, Gaussian, Inc.),
 the Gaussian(R) 98 system (copyright 1998, Gaussian, Inc.),
 the Gaussian(R) 94 system (copyright 1995, Gaussian, Inc.),
 the Gaussian 92(TM) system (copyright 1992, Gaussian, Inc.),
 the Gaussian 90(TM) system (copyright 1990, Gaussian, Inc.),
 the Gaussian 88(TM) system (copyright 1988, Gaussian, Inc.),
 the Gaussian 86(TM) system (copyright 1986, Carnegie Mellon
 University), and the Gaussian 82(TM) system (copyright 1983,
 Carnegie Mellon University). Gaussian is a federally registered
 trademark of Gaussian, Inc.
  
 This software contains proprietary and confidential information,
 including trade secrets, belonging to Gaussian, Inc.
  
 This software is provided under written license and may be
 used, copied, transmitted, or stored only in accord with that
 written license.
  
 The following legend is applicable only to US Government
 contracts under FAR:
  
                    RESTRICTED RIGHTS LEGEND
  
 Use, reproduction and disclosure by the US Government is
 subject to restrictions as set forth in subparagraphs (a)
 and (c) of the Commercial Computer Software - Restricted
 Rights clause in FAR 52.227-19.
  
 Gaussian, Inc.
 340 Quinnipiac St., Bldg. 40, Wallingford CT 06492
  
  
 ---------------------------------------------------------------
 Warning -- This program may not be used in any manner that
 competes with the business of Gaussian, Inc. or will provide
 assistance to any competitor of Gaussian, Inc.  The licensee
 of this program is prohibited from giving any competitor of
 Gaussian, Inc. access to this program.  By using this program,
 the user acknowledges that Gaussian, Inc. is engaged in the
 business of creating and licensing software in the field of
 computational chemistry and represents and warrants to the
 licensee that it is not a competitor of Gaussian, Inc. and that
 it will not use this program in any manner prohibited above.
 ---------------------------------------------------------------
  

 Cite this work as:
 Gaussian 16, Revision A.03,
 M. J. Frisch, G. W. Trucks, H. B. Schlegel, G. E. Scuseria, 
 M. A. Robb, J. R. Cheeseman, G. Scalmani, V. Barone, 
 G. A. Petersson, H. Nakatsuji, X. Li, M. Caricato, A. V. Marenich, 
 J. Bloino, B. G. Janesko, R. Gomperts, B. Mennucci, H. P. Hratchian, 
 J. V. Ortiz, A. F. Izmaylov, J. L. Sonnenberg, D. Williams-Young, 
 F. Ding, F. Lipparini, F. Egidi, J. Goings, B. Peng, A. Petrone, 
 T. Henderson, D. Ranasinghe, V. G. Zakrzewski, J. Gao, N. Rega, 
 G. Zheng, W. Liang, M. Hada, M. Ehara, K. Toyota, R. Fukuda, 
 J. Hasegawa, M. Ishida, T. Nakajima, Y. Honda, O. Kitao, H. Nakai, 
 T. Vreven, K. Throssell, J. A. Montgomery, Jr., J. E. Peralta, 
 F. Ogliaro, M. J. Bearpark, J. J. Heyd, E. N. Brothers, K. N. Kudin, 
 V. N. Staroverov, T. A. Keith, R. Kobayashi, J. Normand, 
 K. Raghavachari, A. P. Rendell, J. C. Burant, S. S. Iyengar, 
 J. Tomasi, M. Cossi, J. M. Millam, M. Klene, C. Adamo, R. Cammi, 
 J. W. Ochterski, R. L. Martin, K. Morokuma, O. Farkas, 
 J. B. Foresman, and D. J. Fox, Gaussian, Inc., Wallingford CT, 2016.
 
 ******************************************
 Gaussian 16:  ES64L-G16RevA.03 25-Dec-2016
                16-Jan-2019 
 ******************************************
 -----
 # pm3
 -----
 1/38=1,172=1/1;
 2/12=2,17=6,18=5,40=1/2;
 3/5=2,25=1,41=800000/1,2,3;
 4/35=1/1;
 5/5=2,35=1,38=5/2;
 6/7=2,8=2,9=2,10=2,28=1/1;
 99/5=1,9=1/99;
 -----------------------
 input prepared by QMMol
 -----------------------
 Symbolic Z-matrix:
 Charge =  0 Multiplicity = 1
 C                     1.51828   1.40089   0.23732 
 C                     3.02813   1.32556   0.02085 
 C                     3.49965  -0.10449  -0.25704 
 O                     3.01622  -0.55502  -1.49456 
 H                     1.23236   2.44345   0.49082 
 H                     1.21363   0.73647   1.07379 
 H                     0.97712   1.1037   -0.68562 
 H                     3.53874   1.70075   0.93406 
 H                     3.31336   1.98385  -0.82826 
 H                     4.60954  -0.11012  -0.29381 
 H                     3.19126  -0.78581   0.5699 
 H                     2.14263  -0.99302  -1.32055 
 
                          Input orientation:                          
 ---------------------------------------------------------------------
 Center     Atomic      Atomic             Coordinates (Angstroms)
 Number     Number       Type             X           Y           Z
 ---------------------------------------------------------------------
      1          6           0        1.518280    1.400890    0.237320
      2          6           0        3.028130    1.325560    0.020850
      3          6           0        3.499650   -0.104490   -0.257040
      4          8           0        3.016220   -0.555020   -1.494560
      5          1           0        1.232360    2.443450    0.490820
      6          1           0        1.213630    0.736470    1.073790
      7          1           0        0.977120    1.103700   -0.685620
      8          1           0        3.538740    1.700750    0.934060
      9          1           0        3.313360    1.983850   -0.828260
     10          1           0        4.609540   -0.110120   -0.293810
     11          1           0        3.191260   -0.785810    0.569900
     12          1           0        2.142630   -0.993020   -1.320550
 ---------------------------------------------------------------------
                    Distance matrix (angstroms):
                    1          2          3          4          5
     1  C    0.000000
     2  C    1.527148   0.000000
     3  C    2.537004   1.531208   0.000000
     4  O    3.011448   2.415200   1.402903   0.000000
     5  H    1.110380   2.166873   3.491690   4.014313   0.000000
     6  H    1.110832   2.179018   2.775646   3.393184   1.803881
     7  H    1.110403   2.180588   2.829587   2.750212   1.801135
     8  H    2.158152   1.111505   2.163132   3.355551   2.463220
     9  H    2.167398   1.111616   2.173053   2.641611   2.506345
    10  H    3.481543   2.158945   1.110513   2.044115   4.306008
    11  H    2.773288   2.187682   1.114958   2.084682   3.777785
    12  H    2.923624   2.821219   1.939599   0.992614   3.989859
                    6          7          8          9         10
     6  H    0.000000
     7  H    1.812821   0.000000
     8  H    2.521011   3.088969   0.000000
     9  H    3.095580   2.500605   1.799087   0.000000
    10  H    3.757559   3.849851   2.435883   2.520006   0.000000
    11  H    2.546029   3.170015   2.536993   3.104960   1.792783
    12  H    3.096295   2.481488   3.780051   3.236466   2.814134
                   11         12
    11  H    0.000000
    12  H    2.171719   0.000000
 Stoichiometry    C3H8O
 Framework group  C1[X(C3H8O)]
 Deg. of freedom    30
 Full point group                 C1      NOp   1
 Largest Abelian subgroup         C1      NOp   1
 Largest concise Abelian subgroup C1      NOp   1
                         Standard orientation:                         
 ---------------------------------------------------------------------
 Center     Atomic      Atomic             Coordinates (Angstroms)
 Number     Number       Type             X           Y           Z
 ---------------------------------------------------------------------
      1          6           0       -1.524522   -0.509200    0.108318
      2          6           0       -0.619836    0.658151   -0.280290
      3          6           0        0.782986    0.524032    0.318625
      4          8           0        1.464830   -0.561095   -0.252099
      5          1           0       -2.543095   -0.339859   -0.300063
      6          1           0       -1.595234   -0.592675    1.213750
      7          1           0       -1.133392   -1.460903   -0.309143
      8          1           0       -1.077918    1.602124    0.086479
      9          1           0       -0.548209    0.717783   -1.387991
     10          1           0        1.353214    1.450287    0.094728
     11          1           0        0.727249    0.428306    1.428067
     12          1           0        1.266977   -1.354196    0.311043
 ---------------------------------------------------------------------
 Rotational constants (GHZ):          14.2278296           5.1084260           4.3423753
 Standard basis: VSTO-6G (5D, 7F)
 There are    24 symmetry adapted cartesian basis functions of A   symmetry.
 There are    24 symmetry adapted basis functions of A   symmetry.
    24 basis functions,   144 primitive gaussians,    24 cartesian basis functions
    13 alpha electrons       13 beta electrons
       nuclear repulsion energy        95.3101993938 Hartrees.
 Integral buffers will be    131072 words long.
 Regular integral format.
 Two-electron integral symmetry is turned off.
 Do NDO integrals.
 One-electron integrals computed using PRISM.
 NBasis=    24 RedAO= F EigKep=  0.00D+00  NBF=    24
 NBsUse=    24 1.00D-04 EigRej=  0.00D+00 NBFU=    24
 Simple Huckel Guess.
 Keep J ints in memory in canonical form, NReq=860523.
 Overlap will be assumed to be unity.
 Requested convergence on RMS density matrix=1.00D-08 within 128 cycles.
 Requested convergence on MAX density matrix=1.00D-06.
 Requested convergence on             energy=1.00D-06.
 No special actions if energy rises.
 SCF Done:  E(RPM3) = -0.969602631184E-01 A.U. after   13 cycles
            NFock= 12  Conv=0.59D-08     -V/T= 0.9978

 **********************************************************************

            Population analysis using the SCF density.

 **********************************************************************

 Orbital symmetries:
       Occupied  (A) (A) (A) (A) (A) (A) (A) (A) (A) (A) (A) (A)
                 (A)
       Virtual   (A) (A) (A) (A) (A) (A) (A) (A) (A) (A) (A)
 The electronic state is 1-A.
 Alpha  occ. eigenvalues --   -1.43358  -1.22183  -0.95578  -0.76573  -0.66224
 Alpha  occ. eigenvalues --   -0.60201  -0.56048  -0.55253  -0.50166  -0.47334
 Alpha  occ. eigenvalues --   -0.44692  -0.43138  -0.40959
 Alpha virt. eigenvalues --    0.12143   0.12886   0.13436   0.14135   0.14487
 Alpha virt. eigenvalues --    0.15136   0.15849   0.17398   0.17485   0.17737
 Alpha virt. eigenvalues --    0.20536
          Condensed to atoms (all electrons):
               1          2          3          4          5          6
     1  C    4.113362   0.000000   0.000000   0.000000   0.000000   0.000000
     2  C    0.000000   4.144675   0.000000   0.000000   0.000000   0.000000
     3  C    0.000000   0.000000   3.930891   0.000000   0.000000   0.000000
     4  O    0.000000   0.000000   0.000000   6.306574   0.000000   0.000000
     5  H    0.000000   0.000000   0.000000   0.000000   0.958901   0.000000
     6  H    0.000000   0.000000   0.000000   0.000000   0.000000   0.963424
     7  H    0.000000   0.000000   0.000000   0.000000   0.000000   0.000000
     8  H    0.000000   0.000000   0.000000   0.000000   0.000000   0.000000
     9  H    0.000000   0.000000   0.000000   0.000000   0.000000   0.000000
    10  H    0.000000   0.000000   0.000000   0.000000   0.000000   0.000000
    11  H    0.000000   0.000000   0.000000   0.000000   0.000000   0.000000
    12  H    0.000000   0.000000   0.000000   0.000000   0.000000   0.000000
               7          8          9         10         11         12
     1  C    0.000000   0.000000   0.000000   0.000000   0.000000   0.000000
     2  C    0.000000   0.000000   0.000000   0.000000   0.000000   0.000000
     3  C    0.000000   0.000000   0.000000   0.000000   0.000000   0.000000
     4  O    0.000000   0.000000   0.000000   0.000000   0.000000   0.000000
     5  H    0.000000   0.000000   0.000000   0.000000   0.000000   0.000000
     6  H    0.000000   0.000000   0.000000   0.000000   0.000000   0.000000
     7  H    0.957665   0.000000   0.000000   0.000000   0.000000   0.000000
     8  H    0.000000   0.947188   0.000000   0.000000   0.000000   0.000000
     9  H    0.000000   0.000000   0.934365   0.000000   0.000000   0.000000
    10  H    0.000000   0.000000   0.000000   0.949922   0.000000   0.000000
    11  H    0.000000   0.000000   0.000000   0.000000   0.977437   0.000000
    12  H    0.000000   0.000000   0.000000   0.000000   0.000000   0.815594
 Mulliken charges:
               1
     1  C   -0.113362
     2  C   -0.144675
     3  C    0.069109
     4  O   -0.306574
     5  H    0.041099
     6  H    0.036576
     7  H    0.042335
     8  H    0.052812
     9  H    0.065635
    10  H    0.050078
    11  H    0.022563
    12  H    0.184406
 Sum of Mulliken charges =   0.00000
 Mulliken charges with hydrogens summed into heavy atoms:
               1
     1  C    0.006648
     2  C   -0.026229
     3  C    0.141750
     4  O   -0.122168
 Charge=              0.0000 electrons
 Dipole moment (field-independent basis, Debye):
    X=             -0.9081    Y=             -0.0559    Z=              1.2118  Tot=              1.5154
 N-N= 9.531019939379D+01 E-N=-1.292564544086D+02  KE=-4.352373844195D+01
 1\1\GINC-SUNRAY\SP\RPM3\ZDO\C3H8O1\KOERSTZ\16-Jan-2019\0\\# pm3\\input
  prepared by QMMol\\0,1\C,0,1.51828,1.40089,0.23732\C,0,3.02813,1.3255
 6,0.02085\C,0,3.49965,-0.10449,-0.25704\O,0,3.01622,-0.55502,-1.49456\
 H,0,1.23236,2.44345,0.49082\H,0,1.21363,0.73647,1.07379\H,0,0.97712,1.
 1037,-0.68562\H,0,3.53874,1.70075,0.93406\H,0,3.31336,1.98385,-0.82826
 \H,0,4.60954,-0.11012,-0.29381\H,0,3.19126,-0.78581,0.5699\H,0,2.14263
 ,-0.99302,-1.32055\\Version=ES64L-G16RevA.03\State=1-A\HF=-0.0969603\R
 MSD=5.893e-09\Dipole=-0.2809692,-0.0456888,0.5238474\PG=C01 [X(C3H8O1)
 ]\\@


 A MUSTACHE HAIR ACROSS A CHIP IS LIKE A REDWOOD
 TREE FALLING THROUGH A HOUSING PROJECT.
 - AN IBM MANAGER IN EAST FISHKILL, NEW YORK
   AS QUOTED IN "FROM SANDS TO CIRCUITS", IBM INNOVATION JANUARY 1985.
 Job cpu time:       0 days  0 hours  0 minutes  0.5 seconds.
 Elapsed time:       0 days  0 hours  0 minutes  0.5 seconds.
 File lengths (MBytes):  RWF=      6 Int=      0 D2E=      0 Chk=      2 Scr=      1
 Normal termination of Gaussian 16 at Wed Jan 16 09:05:09 2019.
